src/context/CompanyContext.tsx(1,8): error TS6133: 'React' is declared but its value is never read.
src/features/admin-management/pages/ManagersPage.tsx(17,5): error TS6133: 'useResendInvitationMutation' is declared but its value is never read.
src/features/admin-management/pages/ManagersPage.tsx(18,5): error TS6133: 'useCancelInvitationMutation' is declared but its value is never read.
src/features/chat/components/ChatWindow.tsx(1,81): error TS6133: 'User' is declared but its value is never read.
src/features/chat/pages/ChatPage.tsx(158,11): error TS6133: 'isMessagesLoading' is declared but its value is never read.
src/features/companies/components/CompanyDocuments.tsx(67,15): error TS2769: No overload matches this call.
  Overload 1 of 2, '(input: string | URL | Request, init?: RequestInit | undefined): Promise<Response>', gave the following error.
    Argument of type 'string | undefined' is not assignable to parameter of type 'string | URL | Request'.
      Type 'undefined' is not assignable to type 'string | URL | Request'.
  Overload 2 of 2, '(input: URL | RequestInfo, init?: RequestInit | undefined): Promise<Response>', gave the following error.
    Argument of type 'string | undefined' is not assignable to parameter of type 'URL | RequestInfo'.
      Type 'undefined' is not assignable to type 'URL | RequestInfo'.
src/features/companies/components/CompanyTable.tsx(19,38): error TS6133: 'pagination' is declared but its value is never read.
src/features/dashboard/pages/DashboardPage.tsx(1,21): error TS6133: 'useMemo' is declared but its value is never read.
src/features/dashboard/pages/SettingsPage.tsx(29,9): error TS6133: 'settings' is declared but its value is never read.
src/features/geofencing/components/CertificationsList.tsx(1,1): error TS6133: 'React' is declared but its value is never read.
src/features/geofencing/components/ComplianceTracker.tsx(1,1): error TS6133: 'React' is declared but its value is never read.
src/features/geofencing/components/IncidentTable.tsx(1,1): error TS6133: 'React' is declared but its value is never read.
src/features/geofencing/components/ReportIncidentModal.tsx(1,1): error TS6133: 'React' is declared but its value is never read.
src/features/geofencing/pages/GeofencingPage.tsx(14,5): error TS6133: 'ZoomIn' is declared but its value is never read.
src/features/geofencing/pages/GeofencingPage.tsx(15,5): error TS6133: 'ZoomOut' is declared but its value is never read.
src/features/geofencing/pages/GeofencingPage.tsx(16,5): error TS6133: 'Crosshair' is declared but its value is never read.
src/features/geofencing/pages/GeofencingPage.tsx(208,12): error TS6133: 'loadError' is declared but its value is never read.
src/features/geofencing/pages/GeofencingPage.tsx(390,11): error TS6133: 'workerMap' is declared but its value is never read.
src/features/geofencing/pages/GeofencingPage.tsx(769,49): error TS2769: No overload matches this call.
  Overload 1 of 2, '(props: PolygonProps): Polygon', gave the following error.
    Object literal may only specify known properties, and 'strokeDasharray' does not exist in type 'PolygonOptions'.
  Overload 2 of 2, '(props: PolygonProps, context: any): Polygon', gave the following error.
    Object literal may only specify known properties, and 'strokeDasharray' does not exist in type 'PolygonOptions'.
src/features/inventory/pages/InventoryPage.tsx(318,69): error TS2345: Argument of type 'InventoryItem' is not assignable to parameter of type 'SetStateAction<InventoryRow | null>'.
  Type 'InventoryItem' is not assignable to type 'InventoryRow'.
    Type 'InventoryItem' is missing the following properties from type '{ projectId: string; currentQty: number; minStockQty: number; }': projectId, currentQty, minStockQty
src/features/inventory/pages/InventoryPage.tsx(319,73): error TS2345: Argument of type 'InventoryItem' is not assignable to parameter of type 'SetStateAction<InventoryRow | null>'.
  Type 'InventoryItem' is not assignable to type 'InventoryRow'.
    Type 'InventoryItem' is missing the following properties from type '{ projectId: string; currentQty: number; minStockQty: number; }': projectId, currentQty, minStockQty
src/features/projects/components/CreateProjectModal.tsx(245,17): error TS2322: Type '{ value: string; required: true; onChange: (e: { target: { value: string; name?: string | undefined; }; }) => void; options: { value: string; label: string; }[]; placeholder: string; className: string; }' is not assignable to type 'IntrinsicAttributes & SelectProps & RefAttributes<HTMLDivElement>'.
  Property 'required' does not exist on type 'IntrinsicAttributes & SelectProps & RefAttributes<HTMLDivElement>'.
src/features/projects/components/ProjectFilters.tsx(2,10): error TS6133: 'LayoutGrid' is declared but its value is never read.
src/features/projects/components/ProjectFilters.tsx(2,22): error TS6133: 'Table2' is declared but its value is never read.
src/features/projects/components/ProjectFilters.tsx(5,1): error TS6133: 'cn' is declared but its value is never read.
src/features/projects/components/ProjectStructure.tsx(4,48): error TS6133: 'Clock' is declared but its value is never read.
src/features/projects/components/ProjectTable.tsx(1,1): error TS6133: 'React' is declared but its value is never read.
src/features/projects/components/ProjectTable.tsx(23,3): error TS6133: 'pagination' is declared but its value is never read.
src/features/projects/components/ProjectTeam.tsx(6,23): error TS6133: 'MoreHorizontal' is declared but its value is never read.
src/features/projects/pages/ProjectDetailPage.tsx(33,26): error TS6133: 'isUpdating' is declared but its value is never read.
src/features/projects/pages/ProjectsPage.tsx(26,9): error TS6133: 'isSuperAdmin' is declared but its value is never read.
src/features/public-content/pages/PublicContentEditorPage.tsx(3,10): error TS6133: 'BookOpen' is declared but its value is never read.
src/features/public-content/pages/PublicContentEditorPage.tsx(3,99): error TS6133: 'Settings' is declared but its value is never read.
src/features/public-content/pages/PublicContentEditorPage.tsx(5,29): error TS6133: 'CardHeader' is declared but its value is never read.
src/features/public-content/pages/PublicContentEditorPage.tsx(5,41): error TS6133: 'CardTitle' is declared but its value is never read.
src/features/public-content/pages/PublicContentEditorPage.tsx(5,52): error TS6133: 'CardDescription' is declared but its value is never read.
src/features/public-content/pages/PublicContentEditorPage.tsx(39,10): error TS6133: 'updatePage' is declared but its value is never read.
src/features/quotes/pages/QuoteLibraryPage.tsx(6,3): error TS6133: 'CheckCircle2' is declared but its value is never read.
src/features/quotes/pages/QuoteLibraryPage.tsx(7,3): error TS6133: 'CircleOff' is declared but its value is never read.
src/features/reports/components/PayrollReport.tsx(2,25): error TS6133: 'Wallet' is declared but its value is never read.
src/features/reports/components/PayrollReport.tsx(2,33): error TS6133: 'Clock3' is declared but its value is never read.
src/features/reports/components/PayrollReport.tsx(2,41): error TS6133: 'CircleDollarSign' is declared but its value is never read.
src/features/reports/components/PayrollReport.tsx(2,59): error TS6133: 'Package' is declared but its value is never read.
src/features/reports/components/PayrollReport.tsx(201,9): error TS6133: 'totalSales' is declared but its value is never read.
src/features/reports/components/PayrollReport.tsx(277,16): error TS2322: Type '{ payrollId: string; project: { id: string; name: string; } | null; worker: { id: string; fullName: string; avatarUrl?: string | null | undefined; department?: string | null | undefined; hourlyRate?: number | ... 1 more ... | undefined; }; ... 10 more ...; processedAt?: string | ... 1 more ... | undefined; }[]' is not assignable to type '{ id: string | number; }[]'.
  Property 'id' is missing in type '{ payrollId: string; project: { id: string; name: string; } | null; worker: { id: string; fullName: string; avatarUrl?: string | null | undefined; department?: string | null | undefined; hourlyRate?: number | ... 1 more ... | undefined; }; ... 10 more ...; processedAt?: string | ... 1 more ... | undefined; }' but required in type '{ id: string | number; }'.
src/features/reports/components/PayrollReport.tsx(277,46): error TS2322: Type 'Column<{ payrollId: string; project: { id: string; name: string; } | null; worker: { id: string; fullName: string; avatarUrl?: string | null | undefined; department?: string | null | undefined; hourlyRate?: number | ... 1 more ... | undefined; }; ... 10 more ...; processedAt?: string | ... 1 more ... | undefined; }>[]' is not assignable to type 'Column<{ id: string | number; }>[]'.
  Type 'Column<{ payrollId: string; project: { id: string; name: string; } | null; worker: { id: string; fullName: string; avatarUrl?: string | null | undefined; department?: string | null | undefined; hourlyRate?: number | ... 1 more ... | undefined; }; ... 10 more ...; processedAt?: string | ... 1 more ... | undefined; }>' is not assignable to type 'Column<{ id: string | number; }>'.
    Type '{ id: string | number; }' is missing the following properties from type '{ payrollId: string; project: { id: string; name: string; } | null; worker: { id: string; fullName: string; avatarUrl?: string | null | undefined; department?: string | null | undefined; hourlyRate?: number | ... 1 more ... | undefined; }; ... 10 more ...; processedAt?: string | ... 1 more ... | undefined; }': payrollId, project, worker, hours, and 9 more.
src/features/tenant-management/pages/PublicSubscriptionPlansPage.tsx(27,9): error TS6133: 'navigate' is declared but its value is never read.
src/features/tenant-management/pages/SubscriptionSuccessPage.tsx(2,10): error TS6133: 'CheckCircle2' is declared but its value is never read.
src/features/time-tracking/pages/AttendancePage.tsx(2,10): error TS6133: 'Calendar' is declared but its value is never read.
src/features/time-tracking/pages/AttendancePage.tsx(2,55): error TS6133: 'DownloadIcon' is declared but its value is never read.
src/features/time-tracking/pages/AttendancePage.tsx(4,1): error TS6133: 'Button' is declared but its value is never read.
src/features/time-tracking/pages/AttendancePage.tsx(20,43): error TS6133: 'isSummaryLoading' is declared but its value is never read.
src/features/time-tracking/pages/AttendancePage.tsx(23,34): error TS2339: Property 'records' does not exist on type 'SuperAdminAttendanceResponse'.
src/features/time-tracking/pages/AttendancePage.tsx(34,31): error TS7006: Parameter 'r' implicitly has an 'any' type.
src/features/time-tracking/pages/AttendancePage.tsx(97,39): error TS2339: Property 'durationHours' does not exist on type '{ checkInTime: string | null; checkOutTime: string | null; inLat: number | null; inLng: number | null; outLat: number | null; outLng: number | null; zoneSeconds: number; }'.
src/features/time-tracking/pages/AttendancePage.tsx(121,77): error TS2339: Property 'locationName' does not exist on type '{ checkInTime: string | null; checkOutTime: string | null; inLat: number | null; inLng: number | null; outLat: number | null; outLng: number | null; zoneSeconds: number; }'.
src/features/time-tracking/pages/AttendancePage.tsx(124,78): error TS2339: Property 'locationName' does not exist on type '{ checkInTime: string | null; checkOutTime: string | null; inLat: number | null; inLng: number | null; outLat: number | null; outLng: number | null; zoneSeconds: number; }'.
src/features/workforce/components/WorkerTable.tsx(2,10): error TS6133: 'Eye' is declared but its value is never read.
src/features/workforce/components/WorkerTable.tsx(2,15): error TS6133: 'Edit' is declared but its value is never read.
src/features/workforce/components/WorkerTable.tsx(2,21): error TS6133: 'UserCheck' is declared but its value is never read.
src/features/workforce/components/WorkerTable.tsx(2,32): error TS6133: 'UserX' is declared but its value is never read.
src/features/workforce/pages/WorkforcePage.tsx(140,9): error TS6133: 'livePausedWorkers' is declared but its value is never read.
src/lib/helpers.ts(85,36): error TS6133: 'type' is declared but its value is never read.
src/shared/components/layout/PublicLinkModal.tsx(1,8): error TS6133: 'React' is declared but its value is never read.
src/shared/components/layout/PublicLinkModal.tsx(5,56): error TS6133: 'Trash2' is declared but its value is never read.
src/shared/components/layout/TenantBrandingModal.tsx(1,8): error TS6133: 'React' is declared but its value is never read.
src/shared/components/ui/Calendar.tsx(1,8): error TS6133: 'React' is declared but its value is never read.
src/shared/components/ui/Checkbox.tsx(1,29): error TS6133: 'Component' is declared but its value is never read.
src/shared/components/ui/Checkbox.tsx(5,78): error TS2304: Cannot find name 'ComponentPropsWithoutRef'.
src/shared/components/ui/DatePicker.tsx(1,8): error TS6133: 'React' is declared but its value is never read.
src/shared/components/ui/ErrorBoundary.tsx(1,8): error TS6133: 'React' is declared but its value is never read.
src/shared/components/ui/RadioGroup.tsx(1,29): error TS6133: 'Component' is declared but its value is never read.
src/shared/components/ui/RadioGroup.tsx(5,82): error TS2304: Cannot find name 'ComponentPropsWithoutRef'.
src/shared/components/ui/RadioGroup.tsx(12,86): error TS2304: Cannot find name 'ComponentPropsWithoutRef'.
src/shared/components/ui/RadioGroup.tsx(16,11): error TS2741: Property 'value' is missing in type '{ children: Element; ref: ForwardedRef<HTMLButtonElement>; className: string; }' but required in type 'RadioGroupItemProps'.
